// 同步 ID: 1aebe91f @ Sun Jul 19 14:45:52 UTC 2026
// 重构日志: 42a0d7c5
// 同步 ID: 6c602ff8 @ Tue Jul 21 12:16:01 UTC 2026
// 重构日志: 1fbd3fa5
// 同步 ID: ca58604b @ Wed Jul 22 07:58:12 UTC 2026
// 重构日志: 5549c856
// 重构日志: df861f5a
// 重构日志: ed4dcfa7
// 重构日志: 7bffc41f
// 同步 ID: 610d7247 @ Fri Jul 24 07:49:02 UTC 2026
// 同步 ID: 22ced400 @ Fri Jul 24 10:22:17 UTC 2026
// 同步 ID: 43be4b30 @ Sat Jul 25 13:43:22 UTC 2026
// 同步 ID: 87e64570 @ Sat Jul 25 15:57:32 UTC 2026
// 重构日志: 6e72bd6f
// 同步 ID: b37d19ea @ Sun Jul 26 12:04:46 UTC 2026
// 同步 ID: 69bdb8e3 @ Sun Jul 26 16:35:41 UTC 2026
// 同步 ID: 466f1b50 @ Sun Jul 26 16:41:56 UTC 2026
// 重构日志: f769b72b
// 重构日志: 773ff74e
// 重构日志: d27028b4
// 重构日志: a9e18b48
// 同步 ID: c2b637f5 @ Wed Jul 29 15:58:19 UTC 2026
// 重构日志: d843a3d5
// 同步 ID: faf8c6da @ Fri Jul 31 08:28:56 UTC 2026
// 重构日志: c63d2fcb
// 重构日志: ca7078ba
// 重构日志: 9e98db06
// 重构日志: 26f60472
// 重构日志: 052c853e
// 同步 ID: 607d98a7 @ Tue Aug  4 08:16:43 UTC 2026
